# serializer version: 1
# name: test_render_strips_autolinks_and_images
  list([
    '# Slopmortem report for newco',
    '## Top risks across all comparables',
    '## Acme',
    'Similarity:',
    'Why similar:',
    'Where diverged:',
    'Failure causes:',
    'Lessons:',
    'Sources:',
    '## BetaCo',
    'Similarity:',
    'Why similar:',
    'Where diverged:',
    'Failure causes:',
    'Lessons:',
    'Sources:',
    'Pipeline meta:',
    'Models:',
  ])
# ---
